# serializer version: 1
# name: test_notification
  Notification(title='Title', message='Message', icon='https://www.example.com/icon.png', image='https://www.example.com/image.png', actions=[Action(command='OPEN_URL', label='Open URL', data={'url': 'https://www.example.com'}), Action(command='OPEN_PATH', label='Open Path', data={'path': '/home/user/documents'})], timeout=1000, audio=Audio(source='/home/user/notification.wav', volume=100), duration=1500, action_url='https://www.example.com/docs', action_path='/home/user/downloads', sound='/home/user/custom-notification.wav')
# ---
# name: test_notification_dict
  dict({
    'action_path': '/home/user/downloads',
    'action_url': 'https://www.example.com/docs',
    'actions': list([
      dict({
        'command': 'OPEN_URL',
        'data': dict({
          'url': 'https://www.example.com',
        }),
        'label': 'Open URL',
      }),
      dict({
        'command': 'OPEN_PATH',
        'data': dict({
          'path': '/home/user/documents',
        }),
        'label': 'Open Path',
      }),
    ]),
    'audio': dict({
      'source': '/home/user/notification.wav',
      'volume': 100,
    }),
    'duration': 1500,
    'icon': 'https://www.example.com/icon.png',
    'image': 'https://www.example.com/image.png',
    'message': 'Message',
    'sound': '/home/user/custom-notification.wav',
    'timeout': 1000,
    'title': 'Title',
  })
# ---
# name: test_notification_dict[notification-dict-converted]
  Notification(title='Title', message='Message', icon='https://www.example.com/icon.png', image='https://www.example.com/image.png', actions=[Action(command='OPEN_URL', label='Open URL', data={'url': 'https://www.example.com'}), Action(command='OPEN_PATH', label='Open Path', data={'path': '/home/user/documents'})], timeout=1000, audio=Audio(source='/home/user/notification.wav', volume=100), duration=1500, action_url='https://www.example.com/docs', action_path='/home/user/downloads', sound='/home/user/custom-notification.wav')
# ---
# name: test_notification_payload
  dict({
    'actionPath': '/home/user/downloads',
    'actionUrl': 'https://www.example.com/docs',
    'actions': list([
      dict({
        'command': 'OPEN_URL',
        'data': dict({
          'url': 'https://www.example.com',
        }),
        'label': 'Open URL',
      }),
      dict({
        'command': 'OPEN_PATH',
        'data': dict({
          'path': '/home/user/documents',
        }),
        'label': 'Open Path',
      }),
    ]),
    'audio': dict({
      'source': '/home/user/notification.wav',
      'volume': 100,
    }),
    'duration': 1500,
    'icon': 'https://www.example.com/icon.png',
    'image': 'https://www.example.com/image.png',
    'message': 'Message',
    'sound': '/home/user/custom-notification.wav',
    'timeout': 1000,
    'title': 'Title',
  })
# ---
# name: test_notification_payload_legacy_support
  dict({
    'actionPath': '/tmp',
    'actionUrl': 'https://example.com',
    'actions': list([
      dict({
        'command': 'OPEN_URL',
        'data': dict({
          'url': 'https://example.com',
        }),
        'label': 'Open URL',
      }),
      dict({
        'command': 'OPEN_PATH',
        'data': dict({
          'path': '/tmp',
        }),
        'label': 'Open Path',
      }),
    ]),
    'audio': dict({
      'source': '/tmp/notify.wav',
      'volume': None,
    }),
    'duration': 2500,
    'message': 'Message',
    'sound': '/tmp/notify.wav',
    'timeout': 2500,
    'title': 'Title',
  })
# ---
